житель pervokur → data\narod\cards\pervokur.json
житель samokat → data\narod\cards\samokat.json
житель dembel → data\narod\cards\dembel.json
житель dzhun → data\narod\cards\dzhun.json
житель gantelya → data\narod\cards\gantelya.json
житель shashechki → data\narod\cards\shashechki.json
житель zatirka → data\narod\cards\zatirka.json
житель enikey → data\narod\cards\enikey.json
житель kalancha → data\narod\cards\kalancha.json
внимание: донор один: манера жителя — это манера живого человека целиком, смешивать не с чем (для калибровки годится, для площадки нет)
внимание: донор p1699 весит 100% — это он и есть, только под другим именем
житель mrkro → data\narod\cards\mrkro.json
житель stropal → data\narod\cards\stropal.json
житель kluchi → data\narod\cards\kluchi.json
житель fura → data\narod\cards\fura.json
житель razvodnoy → data\narod\cards\razvodnoy.json
житель sambo → data\narod\cards\sambo.json
житель halatik → data\narod\cards\halatik.json
житель bulochka → data\narod\cards\bulochka.json
житель french → data\narod\cards\french.json
житель buket → data\narod\cards\buket.json
житель podnos → data\narod\cards\podnos.json
житель abonement → data\narod\cards\abonement.json
житель feldsher → data\narod\cards\feldsher.json
житель kassa → data\narod\cards\kassa.json
житель grumer → data\narod\cards\grumer.json
житель bukvar → data\narod\cards\bukvar.json
житель liniya → data\narod\cards\liniya.json
житель tovaroved → data\narod\cards\tovaroved.json
житель pochta → data\narod\cards\pochta.json
житель tort → data\narod\cards\tort.json
житель vtoroy → data\narod\cards\vtoroy.json
